c:\users\ths30546\desktop\20241031dx22_先生の\20240425.4e3c0557\x64\debug\vc143.pdb
c:\users\ths30546\desktop\20241031dx22_先生の\20240425.4e3c0557\x64\debug\vc143.idb
c:\users\ths30546\desktop\20241031dx22_先生の\20240425.4e3c0557\x64\debug\sprite.obj
c:\users\ths30546\desktop\20241031dx22_先生の\20240425.4e3c0557\x64\debug\renderer.obj
c:\users\ths30546\desktop\20241031dx22_先生の\20240425.4e3c0557\x64\debug\manager.obj
c:\users\ths30546\desktop\20241031dx22_先生の\20240425.4e3c0557\x64\debug\main.obj
c:\users\ths30546\desktop\20241031dx22_先生の\20240425.4e3c0557\x64\debug\keyboard.obj
c:\users\ths30546\desktop\20241031dx22_先生の\20240425.4e3c0557\x64\debug\game.obj
c:\users\ths30546\desktop\20241031dx22_先生の\20240425.4e3c0557\x64\debug\camra.obj
c:\users\ths30546\desktop\20241031dx22_先生の\20240425.4e3c0557\x64\debug\box.obj
c:\users\ths30546\desktop\20241031dx22_先生の\x64\debug\20240425_dx21_ウィンドウ作成版.exe
c:\users\ths30546\desktop\20241031dx22_先生の\x64\debug\20240425_dx21_ウィンドウ作成版.pdb
c:\users\ths30546\desktop\20241031dx22_先生の\20240425.4e3c0557\x64\debug\20240425_dx21_ウィンドウ作成版.ilk
c:\users\ths30546\desktop\20241031dx22_先生の\20240425.4e3c0557\x64\debug\20240425.4e3c0557.tlog\cl.command.1.tlog
c:\users\ths30546\desktop\20241031dx22_先生の\20240425.4e3c0557\x64\debug\20240425.4e3c0557.tlog\cl.items.tlog
c:\users\ths30546\desktop\20241031dx22_先生の\20240425.4e3c0557\x64\debug\20240425.4e3c0557.tlog\cl.read.1.tlog
c:\users\ths30546\desktop\20241031dx22_先生の\20240425.4e3c0557\x64\debug\20240425.4e3c0557.tlog\cl.write.1.tlog
c:\users\ths30546\desktop\20241031dx22_先生の\20240425.4e3c0557\x64\debug\20240425.4e3c0557.tlog\link.command.1.tlog
c:\users\ths30546\desktop\20241031dx22_先生の\20240425.4e3c0557\x64\debug\20240425.4e3c0557.tlog\link.read.1.tlog
c:\users\ths30546\desktop\20241031dx22_先生の\20240425.4e3c0557\x64\debug\20240425.4e3c0557.tlog\link.secondary.1.tlog
c:\users\ths30546\desktop\20241031dx22_先生の\20240425.4e3c0557\x64\debug\20240425.4e3c0557.tlog\link.write.1.tlog
