  block.cpp
C:\Users\ths30546\提出する課題\1年の時のもの\CL12 CP11\60fpsバックアップ集\サンプルアクションゲーム-画面遷移\block.cpp(114,18): warning C4244: '初期化中': 'float' から 'int' への変換です。データが失われる可能性があります。
C:\Users\ths30546\提出する課題\1年の時のもの\CL12 CP11\60fpsバックアップ集\サンプルアクションゲーム-画面遷移\block.cpp(115,17): warning C4244: '初期化中': 'float' から 'int' への変換です。データが失われる可能性があります。
C:\Users\ths30546\提出する課題\1年の時のもの\CL12 CP11\60fpsバックアップ集\サンプルアクションゲーム-画面遷移\block.cpp(119,21): warning C4244: '初期化中': 'float' から 'int' への変換です。データが失われる可能性があります。
C:\Users\ths30546\提出する課題\1年の時のもの\CL12 CP11\60fpsバックアップ集\サンプルアクションゲーム-画面遷移\block.cpp(120,20): warning C4244: '初期化中': 'float' から 'int' への変換です。データが失われる可能性があります。
C:\Users\ths30546\提出する課題\1年の時のもの\CL12 CP11\60fpsバックアップ集\サンプルアクションゲーム-画面遷移\block.cpp(126,18): warning C4244: '初期化中': 'float' から 'int' への変換です。データが失われる可能性があります。
C:\Users\ths30546\提出する課題\1年の時のもの\CL12 CP11\60fpsバックアップ集\サンプルアクションゲーム-画面遷移\block.cpp(131,21): warning C4244: '初期化中': 'float' から 'int' への変換です。データが失われる可能性があります。
  bullet.cpp
  enemy.cpp
C:\Users\ths30546\提出する課題\1年の時のもの\CL12 CP11\60fpsバックアップ集\サンプルアクションゲーム-画面遷移\enemy.cpp(129,18): warning C4244: '初期化中': 'float' から 'int' への変換です。データが失われる可能性があります。
C:\Users\ths30546\提出する課題\1年の時のもの\CL12 CP11\60fpsバックアップ集\サンプルアクションゲーム-画面遷移\enemy.cpp(130,17): warning C4244: '初期化中': 'float' から 'int' への変換です。データが失われる可能性があります。
C:\Users\ths30546\提出する課題\1年の時のもの\CL12 CP11\60fpsバックアップ集\サンプルアクションゲーム-画面遷移\enemy.cpp(134,21): warning C4244: '初期化中': 'float' から 'int' への変換です。データが失われる可能性があります。
C:\Users\ths30546\提出する課題\1年の時のもの\CL12 CP11\60fpsバックアップ集\サンプルアクションゲーム-画面遷移\enemy.cpp(135,20): warning C4244: '初期化中': 'float' から 'int' への変換です。データが失われる可能性があります。
C:\Users\ths30546\提出する課題\1年の時のもの\CL12 CP11\60fpsバックアップ集\サンプルアクションゲーム-画面遷移\enemy.cpp(141,18): warning C4244: '初期化中': 'float' から 'int' への変換です。データが失われる可能性があります。
C:\Users\ths30546\提出する課題\1年の時のもの\CL12 CP11\60fpsバックアップ集\サンプルアクションゲーム-画面遷移\enemy.cpp(142,17): warning C4244: '初期化中': 'float' から 'int' への変換です。データが失われる可能性があります。
C:\Users\ths30546\提出する課題\1年の時のもの\CL12 CP11\60fpsバックアップ集\サンプルアクションゲーム-画面遷移\enemy.cpp(146,21): warning C4244: '初期化中': 'float' から 'int' への変換です。データが失われる可能性があります。
C:\Users\ths30546\提出する課題\1年の時のもの\CL12 CP11\60fpsバックアップ集\サンプルアクションゲーム-画面遷移\enemy.cpp(147,20): warning C4244: '初期化中': 'float' から 'int' への変換です。データが失われる可能性があります。
  explosion.cpp
  field.cpp
  game.cpp
  main.cpp
C:\Users\ths30546\提出する課題\1年の時のもの\CL12 CP11\60fpsバックアップ集\サンプルアクションゲーム-画面遷移\conioex.h(694): warning C4311: '型キャスト': ポインターを 'opensound::<unnamed-type-m> *' から 'DWORD' へ切り詰めます。
C:\Users\ths30546\提出する課題\1年の時のもの\CL12 CP11\60fpsバックアップ集\サンプルアクションゲーム-画面遷移\conioex.h(694): warning C4302: '型キャスト': 'opensound::<unnamed-type-m> *' から 'DWORD' へ切り詰めます。
C:\Users\ths30546\提出する課題\1年の時のもの\CL12 CP11\60fpsバックアップ集\サンプルアクションゲーム-画面遷移\conioex.h(699,17): warning C4311: '型キャスト': ポインターを '__conioex_h_SoundInfo *' から 'int' へ切り詰めます。
C:\Users\ths30546\提出する課題\1年の時のもの\CL12 CP11\60fpsバックアップ集\サンプルアクションゲーム-画面遷移\conioex.h(699,17): warning C4302: '型キャスト': '__conioex_h_SoundInfo *' から 'int' へ切り詰めます。
C:\Users\ths30546\提出する課題\1年の時のもの\CL12 CP11\60fpsバックアップ集\サンプルアクションゲーム-画面遷移\conioex.h(717,39): warning C4312: '型キャスト': 'int' からより大きいサイズの '__conioex_h_SoundInfo *' へ変換します。
C:\Users\ths30546\提出する課題\1年の時のもの\CL12 CP11\60fpsバックアップ集\サンプルアクションゲーム-画面遷移\conioex.h(743,39): warning C4312: '型キャスト': 'int' からより大きいサイズの '__conioex_h_SoundInfo *' へ変換します。
C:\Users\ths30546\提出する課題\1年の時のもの\CL12 CP11\60fpsバックアップ集\サンプルアクションゲーム-画面遷移\conioex.h(763,61): warning C4311: '型キャスト': ポインターを 'MCI_PLAY_PARMS *' から 'DWORD' へ切り詰めます。
C:\Users\ths30546\提出する課題\1年の時のもの\CL12 CP11\60fpsバックアップ集\サンプルアクションゲーム-画面遷移\conioex.h(763,61): warning C4302: '型キャスト': 'MCI_PLAY_PARMS *' から 'DWORD' へ切り詰めます。
C:\Users\ths30546\提出する課題\1年の時のもの\CL12 CP11\60fpsバックアップ集\サンプルアクションゲーム-画面遷移\conioex.h(781,39): warning C4312: '型キャスト': 'int' からより大きいサイズの '__conioex_h_SoundInfo *' へ変換します。
C:\Users\ths30546\提出する課題\1年の時のもの\CL12 CP11\60fpsバックアップ集\サンプルアクションゲーム-画面遷移\conioex.h(806,39): warning C4312: '型キャスト': 'int' からより大きいサイズの '__conioex_h_SoundInfo *' へ変換します。
C:\Users\ths30546\提出する課題\1年の時のもの\CL12 CP11\60fpsバックアップ集\サンプルアクションゲーム-画面遷移\conioex.h(811): warning C4311: '型キャスト': ポインターを 'MCI_STATUS_PARMS *' から 'DWORD' へ切り詰めます。
C:\Users\ths30546\提出する課題\1年の時のもの\CL12 CP11\60fpsバックアップ集\サンプルアクションゲーム-画面遷移\conioex.h(811): warning C4302: '型キャスト': 'MCI_STATUS_PARMS *' から 'DWORD' へ切り詰めます。
C:\Users\ths30546\提出する課題\1年の時のもの\CL12 CP11\60fpsバックアップ集\サンプルアクションゲーム-画面遷移\conioex.h(832,39): warning C4312: '型キャスト': 'int' からより大きいサイズの '__conioex_h_SoundInfo *' へ変換します。
C:\Users\ths30546\提出する課題\1年の時のもの\CL12 CP11\60fpsバックアップ集\サンプルアクションゲーム-画面遷移\conioex.h(842): warning C4311: '型キャスト': ポインターを 'MCI_STATUS_PARMS *' から 'DWORD' へ切り詰めます。
C:\Users\ths30546\提出する課題\1年の時のもの\CL12 CP11\60fpsバックアップ集\サンプルアクションゲーム-画面遷移\conioex.h(842): warning C4302: '型キャスト': 'MCI_STATUS_PARMS *' から 'DWORD' へ切り詰めます。
C:\Users\ths30546\提出する課題\1年の時のもの\CL12 CP11\60fpsバックアップ集\サンプルアクションゲーム-画面遷移\conioex.h(874,39): warning C4312: '型キャスト': 'int' からより大きいサイズの '__conioex_h_SoundInfo *' へ変換します。
C:\Users\ths30546\提出する課題\1年の時のもの\CL12 CP11\60fpsバックアップ集\サンプルアクションゲーム-画面遷移\conioex.h(885,64): warning C4311: '型キャスト': ポインターを 'MCI_DGV_SETAUDIO_PARMS *' から 'DWORD' へ切り詰めます。
C:\Users\ths30546\提出する課題\1年の時のもの\CL12 CP11\60fpsバックアップ集\サンプルアクションゲーム-画面遷移\conioex.h(885,64): warning C4302: '型キャスト': 'MCI_DGV_SETAUDIO_PARMS *' から 'DWORD' へ切り詰めます。
  player.cpp
C:\Users\ths30546\提出する課題\1年の時のもの\CL12 CP11\60fpsバックアップ集\サンプルアクションゲーム-画面遷移\player.cpp(142,16): warning C4244: '初期化中': 'float' から 'int' への変換です。データが失われる可能性があります。
C:\Users\ths30546\提出する課題\1年の時のもの\CL12 CP11\60fpsバックアップ集\サンプルアクションゲーム-画面遷移\player.cpp(143,15): warning C4244: '初期化中': 'float' から 'int' への変換です。データが失われる可能性があります。
C:\Users\ths30546\提出する課題\1年の時のもの\CL12 CP11\60fpsバックアップ集\サンプルアクションゲーム-画面遷移\player.cpp(147,19): warning C4244: '初期化中': 'float' から 'int' への変換です。データが失われる可能性があります。
C:\Users\ths30546\提出する課題\1年の時のもの\CL12 CP11\60fpsバックアップ集\サンプルアクションゲーム-画面遷移\player.cpp(148,18): warning C4244: '初期化中': 'float' から 'int' への変換です。データが失われる可能性があります。
C:\Users\ths30546\提出する課題\1年の時のもの\CL12 CP11\60fpsバックアップ集\サンプルアクションゲーム-画面遷移\player.cpp(154,16): warning C4244: '初期化中': 'float' から 'int' への変換です。データが失われる可能性があります。
C:\Users\ths30546\提出する課題\1年の時のもの\CL12 CP11\60fpsバックアップ集\サンプルアクションゲーム-画面遷移\player.cpp(159,19): warning C4244: '初期化中': 'float' から 'int' への変換です。データが失われる可能性があります。
  result.cpp
  title.cpp
  コードを生成中...
  10_sampleActionGamePrototype.vcxproj -> C:\Users\ths30546\提出する課題\1年の時のもの\CL12 CP11\60fpsバックアップ集\サンプルアクションゲーム-画面遷移\x64\Debug\10_sampleActionGamePrototype.exe
