  bullet.cpp
  enemy.cpp
C:\Users\ths30546\Desktop\サンプルアクションゲーム\enemy.cpp(127,18): warning C4244: '初期化中': 'float' から 'int' への変換です。データが失われる可能性があります。
C:\Users\ths30546\Desktop\サンプルアクションゲーム\enemy.cpp(128,17): warning C4244: '初期化中': 'float' から 'int' への変換です。データが失われる可能性があります。
C:\Users\ths30546\Desktop\サンプルアクションゲーム\enemy.cpp(132,21): warning C4244: '初期化中': 'float' から 'int' への変換です。データが失われる可能性があります。
C:\Users\ths30546\Desktop\サンプルアクションゲーム\enemy.cpp(133,20): warning C4244: '初期化中': 'float' から 'int' への変換です。データが失われる可能性があります。
C:\Users\ths30546\Desktop\サンプルアクションゲーム\enemy.cpp(139,18): warning C4244: '初期化中': 'float' から 'int' への変換です。データが失われる可能性があります。
C:\Users\ths30546\Desktop\サンプルアクションゲーム\enemy.cpp(140,17): warning C4244: '初期化中': 'float' から 'int' への変換です。データが失われる可能性があります。
C:\Users\ths30546\Desktop\サンプルアクションゲーム\enemy.cpp(144,21): warning C4244: '初期化中': 'float' から 'int' への変換です。データが失われる可能性があります。
C:\Users\ths30546\Desktop\サンプルアクションゲーム\enemy.cpp(145,20): warning C4244: '初期化中': 'float' から 'int' への変換です。データが失われる可能性があります。
  field.cpp
  main.cpp
C:\Users\ths30546\Desktop\サンプルアクションゲーム\conioex.h(694): warning C4311: '型キャスト': ポインターを 'opensound::<unnamed-type-m> *' から 'DWORD' へ切り詰めます。
C:\Users\ths30546\Desktop\サンプルアクションゲーム\conioex.h(694): warning C4302: '型キャスト': 'opensound::<unnamed-type-m> *' から 'DWORD' へ切り詰めます。
C:\Users\ths30546\Desktop\サンプルアクションゲーム\conioex.h(699,17): warning C4311: '型キャスト': ポインターを '__conioex_h_SoundInfo *' から 'int' へ切り詰めます。
C:\Users\ths30546\Desktop\サンプルアクションゲーム\conioex.h(699,17): warning C4302: '型キャスト': '__conioex_h_SoundInfo *' から 'int' へ切り詰めます。
C:\Users\ths30546\Desktop\サンプルアクションゲーム\conioex.h(717,39): warning C4312: '型キャスト': 'int' からより大きいサイズの '__conioex_h_SoundInfo *' へ変換します。
C:\Users\ths30546\Desktop\サンプルアクションゲーム\conioex.h(743,39): warning C4312: '型キャスト': 'int' からより大きいサイズの '__conioex_h_SoundInfo *' へ変換します。
C:\Users\ths30546\Desktop\サンプルアクションゲーム\conioex.h(763,61): warning C4311: '型キャスト': ポインターを 'MCI_PLAY_PARMS *' から 'DWORD' へ切り詰めます。
C:\Users\ths30546\Desktop\サンプルアクションゲーム\conioex.h(763,61): warning C4302: '型キャスト': 'MCI_PLAY_PARMS *' から 'DWORD' へ切り詰めます。
C:\Users\ths30546\Desktop\サンプルアクションゲーム\conioex.h(781,39): warning C4312: '型キャスト': 'int' からより大きいサイズの '__conioex_h_SoundInfo *' へ変換します。
C:\Users\ths30546\Desktop\サンプルアクションゲーム\conioex.h(806,39): warning C4312: '型キャスト': 'int' からより大きいサイズの '__conioex_h_SoundInfo *' へ変換します。
C:\Users\ths30546\Desktop\サンプルアクションゲーム\conioex.h(811): warning C4311: '型キャスト': ポインターを 'MCI_STATUS_PARMS *' から 'DWORD' へ切り詰めます。
C:\Users\ths30546\Desktop\サンプルアクションゲーム\conioex.h(811): warning C4302: '型キャスト': 'MCI_STATUS_PARMS *' から 'DWORD' へ切り詰めます。
C:\Users\ths30546\Desktop\サンプルアクションゲーム\conioex.h(832,39): warning C4312: '型キャスト': 'int' からより大きいサイズの '__conioex_h_SoundInfo *' へ変換します。
C:\Users\ths30546\Desktop\サンプルアクションゲーム\conioex.h(842): warning C4311: '型キャスト': ポインターを 'MCI_STATUS_PARMS *' から 'DWORD' へ切り詰めます。
C:\Users\ths30546\Desktop\サンプルアクションゲーム\conioex.h(842): warning C4302: '型キャスト': 'MCI_STATUS_PARMS *' から 'DWORD' へ切り詰めます。
C:\Users\ths30546\Desktop\サンプルアクションゲーム\conioex.h(874,39): warning C4312: '型キャスト': 'int' からより大きいサイズの '__conioex_h_SoundInfo *' へ変換します。
C:\Users\ths30546\Desktop\サンプルアクションゲーム\conioex.h(885,64): warning C4311: '型キャスト': ポインターを 'MCI_DGV_SETAUDIO_PARMS *' から 'DWORD' へ切り詰めます。
C:\Users\ths30546\Desktop\サンプルアクションゲーム\conioex.h(885,64): warning C4302: '型キャスト': 'MCI_DGV_SETAUDIO_PARMS *' から 'DWORD' へ切り詰めます。
  player.cpp
  コードを生成中...
  10_sampleActionGamePrototype.vcxproj -> C:\Users\ths30546\Desktop\サンプルアクションゲーム\x64\Debug\10_sampleActionGamePrototype.exe
